// Jest Snapshot v1, https://goo.gl/fbAQLP

exports[`App should render correctly without changes 1`] = `
<body>
  <div>
    <div
      class="App"
    >
      <article
        class="App-article"
      >
        <h1>
          Counter
        </h1>
        <h2
          data-testid="counter-test-id"
        >
          0
        </h2>
        <br />
        <button>
          Increment count:
        </button>
      </article>
    </div>
  </div>
</body>
`;
